[0.000000] (-) TimerEvent: {}
[0.000788] (transportation_hub) JobQueued: {'identifier': 'transportation_hub', 'dependencies': OrderedDict()}
[0.000823] (transportation_hub) JobStarted: {'identifier': 'transportation_hub'}
[0.007268] (transportation_hub) JobProgress: {'identifier': 'transportation_hub', 'progress': 'cmake'}
[0.007564] (transportation_hub) Command: {'cmd': ['/usr/bin/cmake', '/home/sfx233/rm1/src/transportation_hub', '-DCMAKE_INSTALL_PREFIX=/home/sfx233/rm1/src/transportation_hub/install/transportation_hub'], 'cwd': '/home/sfx233/rm1/src/transportation_hub/build/transportation_hub', 'env': OrderedDict([('LESSOPEN', '| /usr/bin/lesspipe %s'), ('HTTPS_PROXY', 'http://127.0.0.1:7897/'), ('no_proxy', 'localhost,127.0.0.1,192.168.0.0/16,10.0.0.0/8,172.16.0.0/12,::1'), ('LANGUAGE', 'zh_CN:en_CA:en'), ('USER', 'sfx233'), ('LC_TIME', 'zh_CN.UTF-8'), ('all_proxy', 'socks://127.0.0.1:7897/'), ('XDG_SESSION_TYPE', 'x11'), ('SHLVL', '1'), ('LD_LIBRARY_PATH', '/opt/ros/humble/opt/rviz_ogre_vendor/lib:/opt/ros/humble/lib/x86_64-linux-gnu:/opt/ros/humble/lib'), ('HOME', '/home/sfx233'), ('DESKTOP_SESSION', 'ubuntu'), ('NO_PROXY', 'localhost,127.0.0.1,192.168.0.0/16,10.0.0.0/8,172.16.0.0/12,::1'), ('ROS_PYTHON_VERSION', '3'), ('GNOME_SHELL_SESSION_MODE', 'ubuntu'), ('GTK_MODULES', 'gail:atk-bridge'), ('LC_MONETARY', 'zh_CN.UTF-8'), ('DBUS_STARTER_BUS_TYPE', 'session'), ('SYSTEMD_EXEC_PID', '1594'), ('DBUS_SESSION_BUS_ADDRESS', 'unix:path=/run/user/1000/bus,guid=5afdc40927a2b9164c336d2067ac9e90'), ('COLORTERM', 'truecolor'), ('IM_CONFIG_PHASE', '1'), ('https_proxy', 'http://127.0.0.1:7897/'), ('ROS_DISTRO', 'humble'), ('GTK_IM_MODULE', 'fcitx'), ('LOGNAME', 'sfx233'), ('ALL_PROXY', 'socks://127.0.0.1:7897/'), ('http_proxy', 'http://127.0.0.1:7897/'), ('_', '/usr/bin/colcon'), ('ROS_VERSION', '2'), ('XDG_SESSION_CLASS', 'user'), ('USERNAME', 'sfx233'), ('TERM', 'xterm-256color'), ('GNOME_DESKTOP_SESSION_ID', 'this-is-deprecated'), ('ROS_LOCALHOST_ONLY', '0'), ('WINDOWPATH', '2'), ('PATH', '/opt/ros/humble/bin:/usr/local/sbin:/usr/local/bin:/usr/sbin:/usr/bin:/sbin:/bin:/usr/games:/usr/local/games:/snap/bin:/snap/bin'), ('SESSION_MANAGER', 'local/sfx233-Legion-Y7000P-IRX9:@/tmp/.ICE-unix/1594,unix/sfx233-Legion-Y7000P-IRX9:/tmp/.ICE-unix/1594'), ('PAPERSIZE', 'a4'), ('XDG_MENU_PREFIX', 'gnome-'), ('LC_ADDRESS', 'zh_CN.UTF-8'), ('GNOME_TERMINAL_SCREEN', '/org/gnome/Terminal/screen/66d5822b_cab9_4001_b3db_76c6f3b132a7'), ('XDG_RUNTIME_DIR', '/run/user/1000'), ('DISPLAY', ':0'), ('LANG', 'zh_CN.UTF-8'), ('XDG_CURRENT_DESKTOP', 'ubuntu:GNOME'), ('LC_TELEPHONE', 'zh_CN.UTF-8'), ('XMODIFIERS', '@im=fcitx'), ('XDG_SESSION_DESKTOP', 'ubuntu'), ('XAUTHORITY', '/run/user/1000/gdm/Xauthority'), ('LS_COLORS', 'rs=0:di=01;34:ln=01;36:mh=00:pi=40;33:so=01;35:do=01;35:bd=40;33;01:cd=40;33;01:or=40;31;01:mi=00:su=37;41:sg=30;43:ca=30;41:tw=30;42:ow=34;42:st=37;44:ex=01;32:*.tar=01;31:*.tgz=01;31:*.arc=01;31:*.arj=01;31:*.taz=01;31:*.lha=01;31:*.lz4=01;31:*.lzh=01;31:*.lzma=01;31:*.tlz=01;31:*.txz=01;31:*.tzo=01;31:*.t7z=01;31:*.zip=01;31:*.z=01;31:*.dz=01;31:*.gz=01;31:*.lrz=01;31:*.lz=01;31:*.lzo=01;31:*.xz=01;31:*.zst=01;31:*.tzst=01;31:*.bz2=01;31:*.bz=01;31:*.tbz=01;31:*.tbz2=01;31:*.tz=01;31:*.deb=01;31:*.rpm=01;31:*.jar=01;31:*.war=01;31:*.ear=01;31:*.sar=01;31:*.rar=01;31:*.alz=01;31:*.ace=01;31:*.zoo=01;31:*.cpio=01;31:*.7z=01;31:*.rz=01;31:*.cab=01;31:*.wim=01;31:*.swm=01;31:*.dwm=01;31:*.esd=01;31:*.jpg=01;35:*.jpeg=01;35:*.mjpg=01;35:*.mjpeg=01;35:*.gif=01;35:*.bmp=01;35:*.pbm=01;35:*.pgm=01;35:*.ppm=01;35:*.tga=01;35:*.xbm=01;35:*.xpm=01;35:*.tif=01;35:*.tiff=01;35:*.png=01;35:*.svg=01;35:*.svgz=01;35:*.mng=01;35:*.pcx=01;35:*.mov=01;35:*.mpg=01;35:*.mpeg=01;35:*.m2v=01;35:*.mkv=01;35:*.webm=01;35:*.webp=01;35:*.ogm=01;35:*.mp4=01;35:*.m4v=01;35:*.mp4v=01;35:*.vob=01;35:*.qt=01;35:*.nuv=01;35:*.wmv=01;35:*.asf=01;35:*.rm=01;35:*.rmvb=01;35:*.flc=01;35:*.avi=01;35:*.fli=01;35:*.flv=01;35:*.gl=01;35:*.dl=01;35:*.xcf=01;35:*.xwd=01;35:*.yuv=01;35:*.cgm=01;35:*.emf=01;35:*.ogv=01;35:*.ogx=01;35:*.aac=00;36:*.au=00;36:*.flac=00;36:*.m4a=00;36:*.mid=00;36:*.midi=00;36:*.mka=00;36:*.mp3=00;36:*.mpc=00;36:*.ogg=00;36:*.ra=00;36:*.wav=00;36:*.oga=00;36:*.opus=00;36:*.spx=00;36:*.xspf=00;36:'), ('GNOME_TERMINAL_SERVICE', ':1.118'), ('SSH_AGENT_LAUNCHER', 'gnome-keyring'), ('SSH_AUTH_SOCK', '/run/user/1000/keyring/ssh'), ('AMENT_PREFIX_PATH', '/opt/ros/humble'), ('SHELL', '/bin/bash'), ('LC_NAME', 'zh_CN.UTF-8'), ('QT_ACCESSIBILITY', '1'), ('GDMSESSION', 'ubuntu'), ('LESSCLOSE', '/usr/bin/lesspipe %s %s'), ('LC_MEASUREMENT', 'zh_CN.UTF-8'), ('GPG_AGENT_INFO', '/run/user/1000/gnupg/S.gpg-agent:0:1'), ('LC_IDENTIFICATION', 'zh_CN.UTF-8'), ('QT_IM_MODULE', 'fcitx'), ('PWD', '/home/sfx233/rm1/src/transportation_hub/build/transportation_hub'), ('XDG_CONFIG_DIRS', '/etc/xdg/xdg-ubuntu:/etc/xdg'), ('CLUTTER_IM_MODULE', 'fcitx'), ('DBUS_STARTER_ADDRESS', 'unix:path=/run/user/1000/bus,guid=5afdc40927a2b9164c336d2067ac9e90'), ('XDG_DATA_DIRS', '/usr/share/ubuntu:/usr/share/gnome:/usr/local/share/:/usr/share/:/var/lib/snapd/desktop'), ('PYTHONPATH', '/opt/ros/humble/lib/python3.10/site-packages:/opt/ros/humble/local/lib/python3.10/dist-packages'), ('HTTP_PROXY', 'http://127.0.0.1:7897/'), ('LC_NUMERIC', 'zh_CN.UTF-8'), ('LC_PAPER', 'zh_CN.UTF-8'), ('COLCON', '1'), ('VTE_VERSION', '6800')]), 'shell': False}
[0.081603] (transportation_hub) StdoutLine: {'line': b'-- The C compiler identification is GNU 11.4.0\n'}
[0.100089] (-) TimerEvent: {}
[0.139279] (transportation_hub) StdoutLine: {'line': b'-- The CXX compiler identification is GNU 11.4.0\n'}
[0.147958] (transportation_hub) StdoutLine: {'line': b'-- Detecting C compiler ABI info\n'}
[0.200263] (-) TimerEvent: {}
[0.226580] (transportation_hub) StdoutLine: {'line': b'-- Detecting C compiler ABI info - done\n'}
[0.236071] (transportation_hub) StdoutLine: {'line': b'-- Check for working C compiler: /usr/bin/cc - skipped\n'}
[0.236809] (transportation_hub) StdoutLine: {'line': b'-- Detecting C compile features\n'}
[0.237903] (transportation_hub) StdoutLine: {'line': b'-- Detecting C compile features - done\n'}
[0.242765] (transportation_hub) StdoutLine: {'line': b'-- Detecting CXX compiler ABI info\n'}
[0.300377] (-) TimerEvent: {}
[0.320693] (transportation_hub) StdoutLine: {'line': b'-- Detecting CXX compiler ABI info - done\n'}
[0.325785] (transportation_hub) StdoutLine: {'line': b'-- Check for working CXX compiler: /usr/bin/c++ - skipped\n'}
[0.325872] (transportation_hub) StdoutLine: {'line': b'-- Detecting CXX compile features\n'}
[0.326159] (transportation_hub) StdoutLine: {'line': b'-- Detecting CXX compile features - done\n'}
[0.327383] (transportation_hub) StdoutLine: {'line': b'-- Found ament_cmake: 1.3.11 (/opt/ros/humble/share/ament_cmake/cmake)\n'}
[0.400567] (-) TimerEvent: {}
[0.467875] (transportation_hub) StdoutLine: {'line': b'-- Found Python3: /usr/bin/python3 (found version "3.10.12") found components: Interpreter \n'}
[0.500729] (-) TimerEvent: {}
[0.525578] (transportation_hub) StdoutLine: {'line': b'-- Found rclcpp: 16.0.11 (/opt/ros/humble/share/rclcpp/cmake)\n'}
[0.557742] (transportation_hub) StdoutLine: {'line': b'-- Found rosidl_generator_c: 3.1.6 (/opt/ros/humble/share/rosidl_generator_c/cmake)\n'}
[0.560352] (transportation_hub) StdoutLine: {'line': b'-- Found rosidl_adapter: 3.1.6 (/opt/ros/humble/share/rosidl_adapter/cmake)\n'}
[0.565051] (transportation_hub) StdoutLine: {'line': b'-- Found rosidl_generator_cpp: 3.1.6 (/opt/ros/humble/share/rosidl_generator_cpp/cmake)\n'}
[0.572421] (transportation_hub) StdoutLine: {'line': b'-- Using all available rosidl_typesupport_c: rosidl_typesupport_fastrtps_c;rosidl_typesupport_introspection_c\n'}
[0.581514] (transportation_hub) StdoutLine: {'line': b'-- Using all available rosidl_typesupport_cpp: rosidl_typesupport_fastrtps_cpp;rosidl_typesupport_introspection_cpp\n'}
[0.600955] (-) TimerEvent: {}
[0.606514] (transportation_hub) StdoutLine: {'line': b'-- Found rmw_implementation_cmake: 6.1.2 (/opt/ros/humble/share/rmw_implementation_cmake/cmake)\n'}
[0.607833] (transportation_hub) StdoutLine: {'line': b'-- Found rmw_fastrtps_cpp: 6.2.7 (/opt/ros/humble/share/rmw_fastrtps_cpp/cmake)\n'}
[0.684524] (transportation_hub) StdoutLine: {'line': b'-- Found OpenSSL: /usr/lib/x86_64-linux-gnu/libcrypto.so (found version "3.0.2")  \n'}
[0.701186] (-) TimerEvent: {}
[0.713192] (transportation_hub) StdoutLine: {'line': b'-- Found FastRTPS: /opt/ros/humble/include  \n'}
[0.740761] (transportation_hub) StdoutLine: {'line': b"-- Using RMW implementation 'rmw_fastrtps_cpp' as default\n"}
[0.746345] (transportation_hub) StdoutLine: {'line': b'-- Looking for pthread.h\n'}
[0.801301] (-) TimerEvent: {}
[0.819260] (transportation_hub) StdoutLine: {'line': b'-- Looking for pthread.h - found\n'}
[0.819549] (transportation_hub) StdoutLine: {'line': b'-- Performing Test CMAKE_HAVE_LIBC_PTHREAD\n'}
[0.901497] (-) TimerEvent: {}
[0.903745] (transportation_hub) StdoutLine: {'line': b'-- Performing Test CMAKE_HAVE_LIBC_PTHREAD - Success\n'}
[0.904921] (transportation_hub) StdoutLine: {'line': b'-- Found Threads: TRUE  \n'}
[0.938510] (transportation_hub) StdoutLine: {'line': b'-- Found ament_lint_auto: 0.12.11 (/opt/ros/humble/share/ament_lint_auto/cmake)\n'}
[0.971612] (transportation_hub) StderrLine: {'line': b"Error parsing '/home/sfx233/rm1/src/transportation_hub/package.xml':\n"}
[1.000408] (transportation_hub) StderrLine: {'line': b'Traceback (most recent call last):\n'}
[1.000566] (transportation_hub) StderrLine: {'line': b'  File "/usr/lib/python3/dist-packages/catkin_pkg/package.py", line 610, in parse_package_string\n'}
[1.000637] (transportation_hub) StderrLine: {'line': b'    root = dom.parseString(data)\n'}
[1.000703] (transportation_hub) StderrLine: {'line': b'  File "/usr/lib/python3.10/xml/dom/minidom.py", line 2000, in parseString\n'}
[1.000889] (transportation_hub) StderrLine: {'line': b'    return expatbuilder.parseString(string)\n'}
[1.000988] (transportation_hub) StderrLine: {'line': b'  File "/usr/lib/python3.10/xml/dom/expatbuilder.py", line 925, in parseString\n'}
[1.001057] (transportation_hub) StderrLine: {'line': b'    return builder.parseString(string)\n'}
[1.001120] (transportation_hub) StderrLine: {'line': b'  File "/usr/lib/python3.10/xml/dom/expatbuilder.py", line 223, in parseString\n'}
[1.001181] (transportation_hub) StderrLine: {'line': b'    parser.Parse(string, True)\n'}
[1.001243] (transportation_hub) StderrLine: {'line': b'xml.parsers.expat.ExpatError: junk after document element: line 22, column 0\n'}
[1.001303] (transportation_hub) StderrLine: {'line': b'\n'}
[1.001362] (transportation_hub) StderrLine: {'line': b'During handling of the above exception, another exception occurred:\n'}
[1.001422] (transportation_hub) StderrLine: {'line': b'\n'}
[1.001480] (transportation_hub) StderrLine: {'line': b'Traceback (most recent call last):\n'}
[1.001537] (-) TimerEvent: {}
[1.001624] (transportation_hub) StderrLine: {'line': b'  File "/opt/ros/humble/share/ament_cmake_core/cmake/core/package_xml_2_cmake.py", line 150, in <module>\n'}
[1.001691] (transportation_hub) StderrLine: {'line': b'    main()\n'}
[1.001753] (transportation_hub) StderrLine: {'line': b'  File "/opt/ros/humble/share/ament_cmake_core/cmake/core/package_xml_2_cmake.py", line 53, in main\n'}
[1.001813] (transportation_hub) StderrLine: {'line': b'    raise e\n'}
[1.001984] (transportation_hub) StderrLine: {'line': b'  File "/opt/ros/humble/share/ament_cmake_core/cmake/core/package_xml_2_cmake.py", line 49, in main\n'}
[1.002085] (transportation_hub) StderrLine: {'line': b'    package = parse_package_string(\n'}
[1.002121] (transportation_hub) StderrLine: {'line': b'  File "/usr/lib/python3/dist-packages/catkin_pkg/package.py", line 612, in parse_package_string\n'}
[1.002150] (transportation_hub) StderrLine: {'line': b"    raise InvalidPackage('The manifest contains invalid XML:\\n%s' % ex, filename)\n"}
[1.002179] (transportation_hub) StderrLine: {'line': b"catkin_pkg.package.InvalidPackage: Error(s) in package '/home/sfx233/rm1/src/transportation_hub/package.xml':\n"}
[1.002208] (transportation_hub) StderrLine: {'line': b'The manifest contains invalid XML:\n'}
[1.002235] (transportation_hub) StderrLine: {'line': b'junk after document element: line 22, column 0\n'}
[1.009169] (transportation_hub) StderrLine: {'line': b'\x1b[31mCMake Error at /opt/ros/humble/share/ament_cmake_core/cmake/core/ament_package_xml.cmake:95 (message):\n'}
[1.009257] (transportation_hub) StderrLine: {'line': b'  execute_process(/usr/bin/python3\n'}
[1.009293] (transportation_hub) StderrLine: {'line': b'  /opt/ros/humble/share/ament_cmake_core/cmake/core/package_xml_2_cmake.py\n'}
[1.009323] (transportation_hub) StderrLine: {'line': b'  /home/sfx233/rm1/src/transportation_hub/package.xml\n'}
[1.009351] (transportation_hub) StderrLine: {'line': b'  /home/sfx233/rm1/src/transportation_hub/build/transportation_hub/ament_cmake_core/package.cmake)\n'}
[1.009379] (transportation_hub) StderrLine: {'line': b'  returned error code 1\n'}
[1.009408] (transportation_hub) StderrLine: {'line': b'Call Stack (most recent call first):\n'}
[1.009436] (transportation_hub) StderrLine: {'line': b'  /opt/ros/humble/share/ament_cmake_core/cmake/core/ament_package_xml.cmake:49 (_ament_package_xml)\n'}
[1.009464] (transportation_hub) StderrLine: {'line': b'  /opt/ros/humble/share/ament_lint_auto/cmake/ament_lint_auto_find_test_dependencies.cmake:31 (ament_package_xml)\n'}
[1.009491] (transportation_hub) StderrLine: {'line': b'  CMakeLists.txt:22 (ament_lint_auto_find_test_dependencies)\n'}
[1.009543] (transportation_hub) StderrLine: {'line': b'\n'}
[1.009571] (transportation_hub) StderrLine: {'line': b'\x1b[0m\n'}
[1.009597] (transportation_hub) StdoutLine: {'line': b'-- Configuring incomplete, errors occurred!\n'}
[1.009630] (transportation_hub) StdoutLine: {'line': b'See also "/home/sfx233/rm1/src/transportation_hub/build/transportation_hub/CMakeFiles/CMakeOutput.log".\n'}
[1.015269] (transportation_hub) CommandEnded: {'returncode': 1}
[1.015891] (transportation_hub) JobEnded: {'identifier': 'transportation_hub', 'rc': 1}
[1.026165] (-) EventReactorShutdown: {}
